// Jest Snapshot v1, https://goo.gl/fbAQLP

exports[`<Container /> should render 1`] = `
.c0 {
  max-width: 120rem;
  margin: 0 auto;
  padding: 0 2.4rem;
  font-size: 1.6rem;
}

<div>
  <main
    class="c0"
  >
    Container
  </main>
</div>
`;
