// Jest Snapshot v1, https://goo.gl/fbAQLP

exports[`<Card /> should render a card with values 1`] = `
.c0 a {
  -webkit-transition: all 300ms ease-in-out;
  transition: all 300ms ease-in-out;
}

.c0 a:hover {
  opacity: 1;
  -webkit-filter: brightness(170%);
  filter: brightness(170%);
}

.c1 img {
  width: 100%;
  display: block;
  aspect-ratio: 16/9;
  border-radius: .5rem;
  margin-bottom: 1.6rem;
}

.c2 {
  font-size: 2rem;
  color: #333333;
  margin-bottom: 0.8rem;
}

.c3 {
  font-size: 1.6rem;
  margin-bottom: 1.6rem;
  color: #252422;
}

.c4 {
  color: #f24b4b;
  font-style: italic;
  margin-right: 1rem;
}

<div>
  <div
    class="c0"
  >
    <a
      href="/post/slug-test"
    >
      <div
        class="c1"
      >
        <img
          alt="Title"
          src="https://images.unsplash.com/photo-1593720219276-0b1eacd0aef4?ixlib=rb-4.0.3&ixid=MnwxMjA3fDB8MHxwaG90by1wYWdlfHx8fGVufDB8fHx8&auto=format&fit=crop&w=640&q=80"
        />
      </div>
      <h2
        class="c2"
      >
        Title
      </h2>
      <p
        class="c3"
      >
        <span
          class="c4"
        >
          30/04/2023
        </span>
      </p>
    </a>
  </div>
</div>
`;
