// Jest Snapshot v1, https://goo.gl/fbAQLP

exports[`<Button /> should match snapshot 1`] = `
.c0 {
  background-color: #252422;
  color: #f2f0d8;
  font-weight: 200;
  font-size: 2.4rem;
  border: none;
  padding: 0.8rem 2.4rem;
  margin: 3.2rem 0;
  border-radius: 0.5rem;
  display: -webkit-box;
  display: -webkit-flex;
  display: -ms-flexbox;
  display: flex;
  -webkit-align-items: center;
  -webkit-box-align: center;
  -ms-flex-align: center;
  align-items: center;
  -webkit-box-pack: center;
  -webkit-justify-content: center;
  -ms-flex-pack: center;
  justify-content: center;
  -webkit-transition: all 300ms ease-in-out;
  transition: all 300ms ease-in-out;
  cursor: pointer;
}

.c0:hover {
  -webkit-filter: brightness(80%);
  filter: brightness(80%);
}

.c0:disabled {
  background-color: #999999;
  color: #333333;
  cursor: not-allowed;
}

.c0:disabled:hover {
  -webkit-filter: none;
  filter: none;
}

.c0 > svg {
  width: 4rem;
  margin-left: 1rem;
}

<button
  class="c0"
  color="primary"
>
  Button
</button>
`;
