// Jest Snapshot v1, https://goo.gl/fbAQLP

exports[`<Footer /> should render 1`] = `
.c0 {
  padding: 3.2rem;
  margin-top: 3.2rem;
  border-top: 2px solid #dddddd;
  text-align: center;
}

<div>
  <div
    class="c0"
  >
    <p>
      Feito por 
      <a
        href="https://github.com/EvandroCalado"
        target="_blanck"
      >
        Evandro Calado
      </a>
    </p>
  </div>
</div>
`;
