// Jest Snapshot v1, https://goo.gl/fbAQLP

exports[`<Excerpt /> should render a snapshot 1`] = `
.c0 {
  width: 100%;
  margin: 4.8rem 0;
  text-align: center;
}

<div>
  <p
    class="c0"
    data-testid="excerpt-wrapper"
  >
    This is a valid excerpt
  </p>
</div>
`;
