// Jest Snapshot v1, https://goo.gl/fbAQLP

exports[`<NotFound /> test_render_snapshop 1`] = `
.c1 {
  font-size: 5.6rem;
  margin: 3.2rem 0;
  text-align: center;
}

.c0 {
  display: -webkit-box;
  display: -webkit-flex;
  display: -ms-flexbox;
  display: flex;
  -webkit-align-items: center;
  -webkit-box-align: center;
  -ms-flex-align: center;
  align-items: center;
  -webkit-box-pack: center;
  -webkit-justify-content: center;
  -ms-flex-pack: center;
  justify-content: center;
  color: #252422;
  font-size: 4.8rem;
  width: 100%;
  height: 60rem;
  margin: 4.0rem 0;
}

@media (max-width:768px) {
  .c1 {
    font-size: 3.2rem;
  }
}

<div>
  <div
    class="c0"
  >
    <h2
      class="c1"
      data-testid="heading"
    >
      test
    </h2>
  </div>
</div>
`;
