// Jest Snapshot v1, https://goo.gl/fbAQLP

exports[`<Category /> should render Category with values 1`] = `
.c0 {
  width: 100%;
  display: -webkit-box;
  display: -webkit-flex;
  display: -ms-flexbox;
  display: flex;
  -webkit-align-items: center;
  -webkit-box-align: center;
  -ms-flex-align: center;
  align-items: center;
  -webkit-box-pack: center;
  -webkit-justify-content: center;
  -ms-flex-pack: center;
  justify-content: center;
  gap: 2rem;
  margin: 4.8rem 0;
}

.c1 {
  width: 8rem;
  border-radius: 0.3rem;
}

.c2 {
  font-size: 4.0rem;
}

@media (max-width:768px) {
  .c2 {
    font-size: 3.2rem;
  }
}

<div>
  <div
    class="c0"
  >
    <img
      alt="Javascript"
      class="c1"
      src="https://res.cloudinary.com/dnhsdenji/image/upload/v1682864831/javascript_programming_language_icon_ce8f9d2d57.png"
    />
    <h2
      class="c2"
    >
      Javascript
    </h2>
  </div>
</div>
`;
